// Jest Snapshot v1, https://goo.gl/fbAQLP

exports[`New Course Card Tests renders the course card by default 1`] = `
<View
  accessibilityState={
    {
      "busy": undefined,
      "checked": undefined,
      "disabled": undefined,
      "expanded": undefined,
      "selected": undefined,
    }
  }
  accessibilityValue={
    {
      "max": undefined,
      "min": undefined,
      "now": undefined,
      "text": undefined,
    }
  }
  accessible={true}
  collapsable={false}
  focusable={true}
  onClick={[Function]}
  onResponderGrant={[Function]}
  onResponderMove={[Function]}
  onResponderRelease={[Function]}
  onResponderTerminate={[Function]}
  onResponderTerminationRequest={[Function]}
  onStartShouldSetResponder={[Function]}
  style={
    {
      "opacity": 1,
    }
  }
>
  <View
    style={
      [
        {
          "height": 80,
        },
        {
          "borderRadius": 5,
          "borderWidth": 2,
          "marginVertical": 10,
          "padding": 10,
          "paddingTop": 20,
          "position": "relative",
          "width": "100%",
        },
        {
          "borderColor": "green",
        },
      ]
    }
  >
    <View
      style={
        [
          {
            "borderRadius": 2,
            "bottom": 2,
            "left": 2,
            "position": "absolute",
            "right": 2,
            "top": 2,
          },
          {
            "backgroundColor": "green",
            "opacity": 0.1,
          },
        ]
      }
    />
    <View
      style={
        {
          "alignItems": "center",
          "display": "flex",
          "flexDirection": "row",
          "height": 40,
          "justifyContent": "space-between",
        }
      }
    >
      <View
        style={
          [
            {
              "alignItems": "center",
              "display": "flex",
              "flexDirection": "row",
            },
          ]
        }
      >
        <Text
          style={
            [
              {
                "color": "rgba(0,0,0,0.8)",
              },
              undefined,
              {
                "fontSize": 32,
                "fontWeight": "bold",
                "lineHeight": 32,
              },
              undefined,
              undefined,
              undefined,
              undefined,
              [
                {
                  "fontSize": 28,
                  "marginRight": 10,
                },
              ],
            ]
          }
        >
          💊
        </Text>
        <View>
          <Text
            style={
              [
                {
                  "color": "rgba(0,0,0,0.8)",
                },
                undefined,
                undefined,
                {
                  "fontSize": 16,
                  "fontWeight": "600",
                  "lineHeight": 24,
                },
                undefined,
                undefined,
                undefined,
                {},
              ]
            }
          >
            Pharmacology
          </Text>
          <Text
            style={
              [
                {
                  "color": "rgba(0,0,0,0.8)",
                },
                undefined,
                undefined,
                undefined,
                undefined,
                undefined,
                {
                  "fontSize": 12,
                  "opacity": 0.5,
                },
                undefined,
              ]
            }
          >
            Third year Rhodes University
          </Text>
        </View>
      </View>
      <Text
        style={
          [
            {
              "color": "rgba(0,0,0,0.8)",
            },
            undefined,
            {
              "fontSize": 32,
              "fontWeight": "bold",
              "lineHeight": 32,
            },
            undefined,
            undefined,
            undefined,
            undefined,
            [
              {
                "alignSelf": "flex-end",
                "fontSize": 25,
                "height": 38,
              },
              {
                "color": "green",
              },
            ],
          ]
        }
      >
        ☐
      </Text>
    </View>
  </View>
</View>
`;
